11:06:15 **** Incremental Build of configuration Debug for project Turning ****
make -j4 all 
arm-none-eabi-gcc "../Core/Src/main.c" -mcpu=cortex-m3 -std=gnu11 -g3 -DDEBUG -DUSE_HAL_DRIVER -DSTM32F103xB -c -I../Core/Inc -I../Drivers/STM32F1xx_HAL_Driver/Inc/Legacy -I../Drivers/STM32F1xx_HAL_Driver/Inc -I../Drivers/CMSIS/Device/ST/STM32F1xx/Include -I../Drivers/CMSIS/Include -O0 -ffunction-sections -fdata-sections -Wall -fstack-usage -fcyclomatic-complexity -MMD -MP -MF"Core/Src/main.d" -MT"Core/Src/main.o" --specs=nano.specs -mfloat-abi=soft -mthumb -o "Core/Src/main.o"
arm-none-eabi-gcc -o "Turning.elf" @"objects.list"   -mcpu=cortex-m3 -T"C:\Users\BlueWhale\Desktop\PID-187f9f766858422ee6c65cbc2614a88984a946de\STM32F103C8TX_FLASH.ld" --specs=nosys.specs -Wl,-Map="Turning.map" -Wl,--gc-sections -static --specs=nano.specs -mfloat-abi=soft -mthumb -Wl,--start-group -lc -lm -Wl,--end-group
Finished building target: Turning.elf
 
arm-none-eabi-size   Turning.elf 
arm-none-eabi-objdump -h -S  Turning.elf  > "Turning.list"
   text	   data	    bss	    dec	    hex	filename
  20120	    128	   2056	  22304	   5720	Turning.elf
Finished building: default.size.stdout
 
Finished building: Turning.list
 

11:06:22 Build Finished. 0 errors, 0 warnings. (took 6s.856ms)

